\BOOKMARK [1][-]{section.1}{\376\377\000I\000n\000t\000r\000o\000d\000u\000c\000t\000i\000o\000n}{}% 1
\BOOKMARK [1][-]{section.2}{\376\377\000T\000h\000e\000\040\000B\000o\000u\000n\000d\000e\000d\000\040\000P\000h\000a\000s\000e\000\040\000S\000p\000a\000c\000e\000\040\000L\000a\000w}{}% 2
\BOOKMARK [1][-]{section.3}{\376\377\000P\000a\000r\000t\000i\000t\000i\000o\000n\000\040\000C\000o\000o\000r\000d\000i\000n\000a\000t\000e\000s}{}% 3
\BOOKMARK [1][-]{section.4}{\376\377\000T\000h\000e\000\040\000T\000r\000i\000p\000l\000e\000\040\000E\000q\000u\000i\000v\000a\000l\000e\000n\000c\000e}{}% 4
\BOOKMARK [1][-]{section.5}{\376\377\000S\000-\000E\000n\000t\000r\000o\000p\000y\000\040\000C\000o\000o\000r\000d\000i\000n\000a\000t\000e\000s}{}% 5
\BOOKMARK [1][-]{section.6}{\376\377\000C\000a\000t\000e\000g\000o\000r\000i\000c\000a\000l\000-\000P\000h\000y\000s\000i\000c\000a\000l\000\040\000C\000o\000m\000m\000u\000t\000a\000t\000i\000o\000n}{}% 6
\BOOKMARK [1][-]{section.7}{\376\377\000T\000h\000e\000\040\000F\000u\000n\000d\000a\000m\000e\000n\000t\000a\000l\000\040\000I\000d\000e\000n\000t\000i\000t\000y\000:\000\040\000O\000C\000P}{}% 7
\BOOKMARK [1][-]{section.8}{\376\377\000O\000s\000c\000i\000l\000l\000a\000t\000o\000r\000-\000P\000r\000o\000c\000e\000s\000s\000o\000r\000\040\000D\000u\000a\000l\000i\000t\000y}{}% 8
\BOOKMARK [1][-]{section.9}{\376\377\000D\000e\000r\000i\000v\000i\000n\000g\000\040\000E\000a\000r\000t\000h\000'\000s\000\040\000T\000e\000r\000r\000a\000i\000n\000\040\000f\000r\000o\000m\000\040\000P\000a\000r\000t\000i\000t\000i\000o\000n\000\040\000G\000e\000o\000m\000e\000t\000r\000y}{}% 9
\BOOKMARK [2][-]{subsection.9.1}{\376\377\000E\000a\000r\000t\000h\000'\000s\000\040\000C\000r\000u\000s\000t\000\040\000a\000s\000\040\000P\000a\000r\000t\000i\000t\000i\000o\000n\000\040\000S\000t\000r\000u\000c\000t\000u\000r\000e}{section.9}% 10
\BOOKMARK [2][-]{subsection.9.2}{\376\377\000M\000a\000x\000i\000m\000u\000m\000\040\000M\000o\000u\000n\000t\000a\000i\000n\000\040\000H\000e\000i\000g\000h\000t}{section.9}% 11
\BOOKMARK [2][-]{subsection.9.3}{\376\377\000O\000c\000e\000a\000n\000\040\000B\000a\000s\000i\000n\000\040\000D\000e\000p\000t\000h}{section.9}% 12
\BOOKMARK [2][-]{subsection.9.4}{\376\377\000F\000r\000a\000c\000t\000a\000l\000\040\000D\000i\000m\000e\000n\000s\000i\000o\000n\000\040\000o\000f\000\040\000T\000e\000r\000r\000a\000i\000n}{section.9}% 13
\BOOKMARK [2][-]{subsection.9.5}{\376\377\000H\000a\000c\000k\000'\000s\000\040\000L\000a\000w\000\040\000a\000n\000d\000\040\000D\000r\000a\000i\000n\000a\000g\000e\000\040\000N\000e\000t\000w\000o\000r\000k\000s}{section.9}% 14
\BOOKMARK [2][-]{subsection.9.6}{\376\377\000H\000o\000r\000t\000o\000n\000\040\000R\000a\000t\000i\000o\000s}{section.9}% 15
\BOOKMARK [2][-]{subsection.9.7}{\376\377\000S\000l\000o\000p\000e\000\040\000D\000i\000s\000t\000r\000i\000b\000u\000t\000i\000o\000n}{section.9}% 16
\BOOKMARK [2][-]{subsection.9.8}{\376\377\000S\000o\000i\000l\000\040\000D\000e\000p\000t\000h\000\040\000f\000r\000o\000m\000\040\000W\000e\000a\000t\000h\000e\000r\000i\000n\000g\000\040\000P\000a\000r\000t\000i\000t\000i\000o\000n\000\040\000D\000y\000n\000a\000m\000i\000c\000s}{section.9}% 17
\BOOKMARK [2][-]{subsection.9.9}{\376\377\000S\000u\000m\000m\000a\000r\000y\000\040\000o\000f\000\040\000T\000e\000r\000r\000a\000i\000n\000\040\000D\000e\000r\000i\000v\000a\000t\000i\000o\000n\000s}{section.9}% 18
\BOOKMARK [1][-]{section.10}{\376\377\000T\000e\000r\000r\000a\000i\000n\000\040\000M\000a\000t\000e\000r\000i\000a\000l\000s\000\040\000a\000s\000\040\000O\000s\000c\000i\000l\000l\000a\000t\000i\000n\000g\000\040\000P\000a\000r\000t\000i\000t\000i\000o\000n\000\040\000S\000t\000r\000u\000c\000t\000u\000r\000e\000s}{}% 19
\BOOKMARK [2][-]{subsection.10.1}{\376\377\000V\000i\000b\000r\000a\000t\000i\000o\000n\000a\000l\000\040\000S\000p\000e\000c\000t\000r\000a\000\040\000D\000e\000f\000i\000n\000e\000\040\000M\000a\000t\000e\000r\000i\000a\000l\000\040\000I\000d\000e\000n\000t\000i\000t\000y}{section.10}% 20
\BOOKMARK [2][-]{subsection.10.2}{\376\377\000S\000-\000E\000n\000t\000r\000o\000p\000y\000\040\000f\000r\000o\000m\000\040\000V\000i\000b\000r\000a\000t\000i\000o\000n\000a\000l\000\040\000S\000t\000a\000t\000e}{section.10}% 21
\BOOKMARK [2][-]{subsection.10.3}{\376\377\000C\000o\000m\000p\000u\000t\000a\000t\000i\000o\000n\000a\000l\000\040\000R\000a\000t\000e\000\040\000o\000f\000\040\000T\000e\000r\000r\000a\000i\000n\000\040\000M\000a\000t\000e\000r\000i\000a\000l\000s}{section.10}% 22
\BOOKMARK [1][-]{section.11}{\376\377\000T\000h\000e\000\040\000G\000P\000U\000-\000T\000e\000r\000r\000a\000i\000n\000\040\000H\000a\000r\000m\000o\000n\000i\000c\000\040\000I\000d\000e\000n\000t\000i\000t\000y}{}% 23
\BOOKMARK [2][-]{subsection.11.1}{\376\377\000G\000P\000U\000\040\000a\000s\000\040\000O\000s\000c\000i\000l\000l\000a\000t\000i\000n\000g\000\040\000S\000y\000s\000t\000e\000m}{section.11}% 24
\BOOKMARK [2][-]{subsection.11.2}{\376\377\000H\000a\000r\000m\000o\000n\000i\000c\000\040\000C\000o\000i\000n\000c\000i\000d\000e\000n\000c\000e\000\040\000N\000e\000t\000w\000o\000r\000k}{section.11}% 25
\BOOKMARK [2][-]{subsection.11.3}{\376\377\000T\000h\000e\000\040\000S\000h\000a\000d\000e\000r\000-\000T\000e\000r\000r\000a\000i\000n\000\040\000I\000d\000e\000n\000t\000i\000t\000y\000\040\000T\000h\000e\000o\000r\000e\000m}{section.11}% 26
\BOOKMARK [1][-]{section.12}{\376\377\0003\000D\000\040\000T\000e\000x\000t\000u\000r\000e\000\040\000R\000a\000y\000\040\000M\000a\000r\000c\000h\000i\000n\000g\000\040\000a\000s\000\040\000P\000a\000r\000t\000i\000t\000i\000o\000n\000\040\000T\000r\000a\000v\000e\000r\000s\000a\000l}{}% 27
\BOOKMARK [2][-]{subsection.12.1}{\376\377\000V\000o\000l\000u\000m\000e\000t\000r\000i\000c\000\040\000P\000a\000r\000t\000i\000t\000i\000o\000n\000\040\000T\000e\000x\000t\000u\000r\000e}{section.12}% 28
\BOOKMARK [2][-]{subsection.12.2}{\376\377\000R\000a\000y\000\040\000M\000a\000r\000c\000h\000\040\000a\000s\000\040\000A\000d\000d\000r\000e\000s\000s\000\040\000R\000e\000f\000i\000n\000e\000m\000e\000n\000t}{section.12}% 29
\BOOKMARK [2][-]{subsection.12.3}{\376\377\000P\000a\000r\000t\000i\000t\000i\000o\000n\000-\000D\000e\000t\000e\000r\000m\000i\000n\000e\000d\000\040\000A\000b\000s\000o\000r\000p\000t\000i\000o\000n}{section.12}% 30
\BOOKMARK [2][-]{subsection.12.4}{\376\377\000G\000L\000S\000L\000\040\000I\000m\000p\000l\000e\000m\000e\000n\000t\000a\000t\000i\000o\000n}{section.12}% 31
\BOOKMARK [2][-]{subsection.12.5}{\376\377\000C\000o\000m\000p\000u\000t\000a\000t\000i\000o\000n\000a\000l\000\040\000P\000e\000r\000f\000o\000r\000m\000a\000n\000c\000e}{section.12}% 32
\BOOKMARK [1][-]{section.13}{\376\377\000O\000p\000a\000c\000i\000t\000y\000-\000I\000n\000d\000e\000p\000e\000n\000d\000e\000n\000t\000\040\000S\000u\000b\000-\000T\000e\000r\000r\000a\000i\000n\000\040\000R\000e\000s\000o\000l\000u\000t\000i\000o\000n}{}% 33
\BOOKMARK [2][-]{subsection.13.1}{\376\377\000T\000h\000e\000\040\000O\000p\000a\000c\000i\000t\000y\000\040\000I\000n\000d\000e\000p\000e\000n\000d\000e\000n\000c\000e\000\040\000T\000h\000e\000o\000r\000e\000m}{section.13}% 34
\BOOKMARK [2][-]{subsection.13.2}{\376\377\000S\000c\000a\000t\000t\000e\000r\000i\000n\000g\000\040\000E\000n\000h\000a\000n\000c\000e\000m\000e\000n\000t\000\040\000P\000r\000i\000n\000c\000i\000p\000l\000e}{section.13}% 35
\BOOKMARK [2][-]{subsection.13.3}{\376\377\000P\000a\000r\000t\000i\000t\000i\000o\000n\000\040\000E\000x\000t\000r\000a\000c\000t\000i\000o\000n\000:\000\040\000T\000r\000a\000c\000i\000n\000g\000\040\000v\000s\000.\000\040\000S\000u\000b\000t\000r\000a\000c\000t\000i\000o\000n}{section.13}% 36
\BOOKMARK [2][-]{subsection.13.4}{\376\377\000D\000e\000r\000i\000v\000i\000n\000g\000\040\000S\000u\000b\000-\000S\000u\000r\000f\000a\000c\000e\000\040\000S\000t\000r\000u\000c\000t\000u\000r\000e}{section.13}% 37
\BOOKMARK [1][-]{section.14}{\376\377\000T\000e\000r\000r\000a\000i\000n\000\040\000a\000s\000\040\000G\000r\000a\000d\000u\000a\000t\000e\000d\000\040\000I\000n\000s\000t\000r\000u\000m\000e\000n\000t}{}% 38
\BOOKMARK [2][-]{subsection.14.1}{\376\377\000T\000h\000e\000\040\000A\000t\000m\000o\000s\000p\000h\000e\000r\000e\000\040\000a\000s\000\040\000E\000m\000a\000n\000a\000t\000i\000o\000n\000\040\000o\000f\000\040\000T\000e\000r\000r\000a\000i\000n}{section.14}% 39
\BOOKMARK [2][-]{subsection.14.2}{\376\377\000T\000h\000e\000\040\000G\000r\000a\000d\000u\000a\000t\000e\000d\000\040\000I\000n\000s\000t\000r\000u\000m\000e\000n\000t}{section.14}% 40
\BOOKMARK [1][-]{section.15}{\376\377\000V\000a\000l\000i\000d\000a\000t\000i\000o\000n}{}% 41
\BOOKMARK [2][-]{subsection.15.1}{\376\377\000G\000e\000o\000m\000o\000r\000p\000h\000o\000l\000o\000g\000i\000c\000a\000l\000\040\000V\000a\000l\000i\000d\000a\000t\000i\000o\000n}{section.15}% 42
\BOOKMARK [2][-]{subsection.15.2}{\376\377\000V\000i\000b\000r\000a\000t\000i\000o\000n\000a\000l\000\040\000S\000p\000e\000c\000t\000r\000a\000\040\000V\000a\000l\000i\000d\000a\000t\000i\000o\000n}{section.15}% 43
\BOOKMARK [2][-]{subsection.15.3}{\376\377\000C\000o\000m\000p\000u\000t\000a\000t\000i\000o\000n\000a\000l\000\040\000V\000a\000l\000i\000d\000a\000t\000i\000o\000n}{section.15}% 44
\BOOKMARK [1][-]{section.16}{\376\377\000D\000i\000s\000c\000u\000s\000s\000i\000o\000n}{}% 45
\BOOKMARK [2][-]{subsection.16.1}{\376\377\000R\000e\000l\000a\000t\000i\000o\000n\000\040\000t\000o\000\040\000P\000r\000o\000c\000e\000d\000u\000r\000a\000l\000\040\000G\000e\000n\000e\000r\000a\000t\000i\000o\000n}{section.16}% 46
\BOOKMARK [2][-]{subsection.16.2}{\376\377\000R\000e\000l\000a\000t\000i\000o\000n\000\040\000t\000o\000\040\000P\000h\000o\000t\000o\000g\000r\000a\000m\000m\000e\000t\000r\000y}{section.16}% 47
\BOOKMARK [2][-]{subsection.16.3}{\376\377\000R\000e\000l\000a\000t\000i\000o\000n\000\040\000t\000o\000\040\000P\000h\000y\000s\000i\000c\000s\000-\000B\000a\000s\000e\000d\000\040\000R\000e\000n\000d\000e\000r\000i\000n\000g}{section.16}% 48
\BOOKMARK [2][-]{subsection.16.4}{\376\377\000T\000h\000e\000\040\000E\000n\000d\000\040\000o\000f\000\040\000t\000h\000e\000\040\000S\000i\000m\000u\000l\000a\000t\000i\000o\000n\000-\000R\000e\000a\000l\000i\000t\000y\000\040\000D\000i\000s\000t\000i\000n\000c\000t\000i\000o\000n}{section.16}% 49
\BOOKMARK [1][-]{section.17}{\376\377\000C\000o\000n\000c\000l\000u\000s\000i\000o\000n}{}% 50
\BOOKMARK [1][-]{appendix.A}{\376\377\000P\000r\000o\000o\000f\000\040\000o\000f\000\040\000t\000h\000e\000\040\000S\000u\000m\000m\000a\000t\000i\000o\000n\000\040\000I\000d\000e\000n\000t\000i\000t\000y\000\040\000f\000o\000r\000\040\000S\000h\000e\000l\000l\000\040\000C\000a\000p\000a\000c\000i\000t\000y}{}% 51
\BOOKMARK [1][-]{appendix.B}{\376\377\000D\000e\000t\000a\000i\000l\000e\000d\000\040\000I\000s\000o\000s\000t\000a\000t\000i\000c\000\040\000C\000a\000l\000c\000u\000l\000a\000t\000i\000o\000n}{}% 52
\BOOKMARK [1][-]{appendix.C}{\376\377\000D\000e\000r\000i\000v\000a\000t\000i\000o\000n\000\040\000o\000f\000\040\000t\000h\000e\000\040\000O\000s\000c\000i\000l\000l\000a\000t\000o\000r\000-\000P\000r\000o\000c\000e\000s\000s\000o\000r\000\040\000R\000a\000t\000e}{}% 53
\BOOKMARK [1][-]{appendix.D}{\376\377\000T\000e\000n\000s\000o\000r\000\040\000P\000r\000o\000d\000u\000c\000t\000\040\000C\000o\000m\000m\000u\000t\000a\000t\000i\000o\000n\000\040\000I\000d\000e\000n\000t\000i\000t\000y}{}% 54
\BOOKMARK [1][-]{appendix.E}{\376\377\000T\000e\000r\000n\000a\000r\000y\000\040\000A\000d\000d\000r\000e\000s\000s\000\040\000R\000e\000s\000o\000l\000u\000t\000i\000o\000n\000\040\000C\000o\000m\000p\000l\000e\000x\000i\000t\000y}{}% 55
\BOOKMARK [1][-]{appendix.F}{\376\377\000H\000a\000r\000m\000o\000n\000i\000c\000\040\000C\000o\000i\000n\000c\000i\000d\000e\000n\000c\000e\000\040\000D\000e\000n\000s\000i\000t\000y}{}% 56
